// Jest Snapshot v1, https://goo.gl/fbAQLP

exports[`App [Snapshot] Renders correctly 1`] = `
<section
  className="page-wrapper "
  style={
    Object {
      "opacity": 0,
      "transition": "opacity 150ms ease-in-out",
    }
  }
>
  <div
    className="App"
  >
    <header
      className="App-header"
    >
      <img
        alt="logo"
        className="App-logo"
        src="logo.svg"
      />
      <h1
        className="App-title"
      >
        Welcome to React
      </h1>
      <button
        onClick={[Function]}
      >
        change user status
      </button>
    </header>
    <p
      className="App-intro"
    >
      User is unlogged.
    </p>
  </div>
</section>
`;
