// Jest Snapshot v1, https://goo.gl/fbAQLP

exports[`Main [Snapshot] Renders correctly 1`] = `
<main>
  <aside
    className="sc-bdVaJa dwtwig"
  >
    <a
      href="/"
      onClick={[Function]}
    >
      Home
    </a>
    <a
      href="/login"
      onClick={[Function]}
    >
      Login
    </a>
  </aside>
  <section
    className="page-wrapper "
    style={
      Object {
        "opacity": 0,
        "transition": "opacity 150ms ease-in-out",
      }
    }
  >
    <div
      className="sc-ifAKCX fVKAHz"
    >
      <header
        className="sc-bwzfXH hKXFQW"
      >
        <img
          alt="logo"
          className="sc-bxivhb LmQMX"
          src="logo.svg"
        />
        <h1
          className="sc-htpNat jBZobA"
        >
          Welcome to React
        </h1>
        <button
          onClick={[Function]}
        >
          change user status
        </button>
      </header>
      <p
        className="sc-EHOje ktWpgG"
      >
        User is unlogged.
      </p>
    </div>
  </section>
</main>
`;
